CREATE EXTENSION zhparser;
-- make test configuration using parser
CREATE TEXT SEARCH CONFIGURATION testzhcfg (PARSER = zhparser);
ALTER TEXT SEARCH CONFIGURATION testzhcfg ADD MAPPING FOR n,v,a,i,e,l WITH simple;
-- ts_parse
SELECT * FROM ts_parse('zhparser', 'hello world! 2010年保障房建设在全国范围内获全面启动，从中央到地方纷纷加大 了 保 障 房 的 建 设 和 投 入 力 度 。2011年，保障房进入了更大规模的建设阶段。住房城乡建设部党组书记、部长姜伟新去年底在全国住房城乡建设工作会议上表示，要继续推进保障性安居工程建设。');
 tokid |  token   
-------+----------
   101 | hello
   101 | world
   117 | !
   101 | 2010
   113 | 年
   118 | 保障
   110 | 房建
   118 | 设在
   110 | 全国
   110 | 范围
   102 | 内
   118 | 获
    97 | 全面
   118 | 启动
   117 | ，
   110 | 从中
   118 | 央
   118 | 到
   110 | 地方
   100 | 纷纷
   118 | 加大
   118 | 了
   118 | 保
   110 | 障
   110 | 房
   117 | 的
   118 | 建
   118 | 设
    99 | 和
   118 | 投
   118 | 入
   110 | 力
   107 | 度
   117 | 。
   101 | 2011
   113 | 年
   117 | ，
   118 | 保障
   110 | 房
   118 | 进入
   118 | 了
   100 | 更
   110 | 大规模
   117 | 的
   118 | 建设
   110 | 阶段
   117 | 。
   110 | 住房
   110 | 城乡建设
   110 | 部党组
   110 | 书记
   117 | 、
   110 | 部长
   110 | 姜
   110 | 伟
    97 | 新
   116 | 去年底
   112 | 在
   110 | 全国
   110 | 住房
   110 | 城乡建设
   118 | 工作
   110 | 会议
   110 | 上表
   118 | 示
   117 | ，
   118 | 要
   118 | 继续
   118 | 推进
   110 | 保障性
   118 | 安居
   110 | 工程建设
   117 | 。
(73 rows)

SELECT to_tsvector('testzhcfg','“今年保障房新开工数量虽然有所下调，但实际的年度在建规模以及竣工规模会超以往年份，相对应的对资金的需求也会创历史纪录。”陈国强说。在他看来，与2011年相比，2012年的保障房建设在资金配套上的压力将更为严峻。');
                                                                                                                                                              to_tsvector                                                                                                                                                              
---------------------------------------------------------------------------------------------------------------------------------------------------------------------------------------------------------------------------------------------------------------------------------------------------------------------------------------
 '2011':27 '2012':29 '上':35 '下调':7 '严峻':37 '会':14 '会创':20 '保障':1,30 '历史':21 '压力':36 '国强':24 '在建':10 '实际':8 '对应':17 '年份':16 '年度':9 '开工':4 '房':2 '房建':31 '数量':5 '新':3 '有所':6 '相比':28 '看来':26 '竣工':12 '纪录':22 '规模':11,13 '设在':32 '说':25 '资金':18,33 '超':15 '配套':34 '陈':23 '需求':19
(1 row)

SELECT to_tsquery('testzhcfg', '保障房资金压力');
              to_tsquery               
---------------------------------------
 '保障' <-> '房' <-> '资金' <-> '压力'
(1 row)

-- clean extension
DROP EXTENSION zhparser CASCADE;
